
[TestHandler_handleUpdateEolDatabase/downloading_DB - 1]
 ⠋ EOL DB                          ━━━━━━━━━━━━━━━━━━━━  [current]  
---

[TestHandler_handleUpdateEolDatabase/DB_download_complete - 1]
 ✔ EOL DB                          [current]  
---
