
[TestTablePresenter - 1]
[]uint8{0x4e, 0x41, 0x4d, 0x45, 0x20, 0x20, 0x20, 0x20, 0x20, 0x20, 0x20, 0x56, 0x45, 0x52, 0x53, 0x49, 0x4f, 0x4e, 0x20, 0x20, 0x45, 0x4f, 0x4c, 0x20, 0x20, 0x20, 0x20, 0x20, 0x20, 0x20, 0x20, 0x20, 0x44, 0x41, 0x59, 0x53, 0x20, 0x45, 0x4f, 0x4c, 0x20, 0x20, 0x54, 0x59, 0x50, 0x45, 0x20, 0xa, 0x70, 0x61, 0x63, 0x6b, 0x61, 0x67, 0x65, 0x2d, 0x31, 0x20, 0x20, 0x31, 0x2e, 0x31, 0x2e, 0x31, 0x20, 0x20, 0x20, 0x20, 0x32, 0x30, 0x31, 0x38, 0x2d, 0x30, 0x37, 0x2d, 0x33, 0x31, 0x20, 0x20, 0x31, 0x36, 0x31, 0x34, 0x20, 0x20, 0x20, 0x20, 0x20, 0x20, 0x72, 0x70, 0x6d, 0x20, 0x20, 0x20, 0xa, 0x70, 0x61, 0x63, 0x6b, 0x61, 0x67, 0x65, 0x2d, 0x32, 0x20, 0x20, 0x32, 0x2e, 0x32, 0x2e, 0x32, 0x20, 0x20, 0x20, 0x20, 0x59, 0x45, 0x53, 0x20, 0x20, 0x20, 0x20, 0x20, 0x20, 0x20, 0x20, 0x20, 0x2d, 0x20, 0x20, 0x20, 0x20, 0x20, 0x20, 0x20, 0x20, 0x20, 0x64, 0x65, 0x62, 0x20, 0x20, 0x20, 0xa, 0x75, 0x62, 0x75, 0x6e, 0x74, 0x75, 0x20, 0x20, 0x20, 0x20, 0x20, 0x31, 0x36, 0x2e, 0x30, 0x34, 0x20, 0x20, 0x20, 0x20, 0x32, 0x30, 0x32, 0x31, 0x2d, 0x30, 0x34, 0x2d, 0x30, 0x32, 0x20, 0x20, 0x36, 0x33, 0x38, 0x20, 0x20, 0x20, 0x20, 0x20, 0x20, 0x20, 0x6f, 0x73, 0x20, 0x20, 0x20, 0x20, 0xa}
---

[TestEmptyTablePresenter - 1]
[]uint8{0xe2, 0x9c, 0x85, 0x20, 0x6e, 0x6f, 0x20, 0x45, 0x4f, 0x4c, 0x20, 0x73, 0x6f, 0x66, 0x74, 0x77, 0x61, 0x72, 0x65, 0x20, 0x68, 0x61, 0x73, 0x20, 0x62, 0x65, 0x65, 0x6e, 0x20, 0x66, 0x6f, 0x75, 0x6e, 0x64, 0xa}
---
