
[TestJsonImgsPresenter - 1]
[]uint8{0x7b, 0xa, 0x20, 0x22, 0x6d, 0x61, 0x74, 0x63, 0x68, 0x65, 0x73, 0x22, 0x3a, 0x20, 0x5b, 0xa, 0x20, 0x20, 0x7b, 0xa, 0x20, 0x20, 0x20, 0x22, 0x43, 0x79, 0x63, 0x6c, 0x65, 0x22, 0x3a, 0x20, 0x7b, 0xa, 0x20, 0x20, 0x20, 0x20, 0x22, 0x50, 0x72, 0x6f, 0x64, 0x75, 0x63, 0x74, 0x4e, 0x61, 0x6d, 0x65, 0x22, 0x3a, 0x20, 0x22, 0x4d, 0x6f, 0x6e, 0x67, 0x6f, 0x44, 0x42, 0x20, 0x53, 0x65, 0x72, 0x76, 0x65, 0x72, 0x22, 0x2c, 0xa, 0x20, 0x20, 0x20, 0x20, 0x22, 0x50, 0x72, 0x6f, 0x64, 0x75, 0x63, 0x74, 0x50, 0x65, 0x72, 0x6d, 0x61, 0x6c, 0x69, 0x6e, 0x6b, 0x22, 0x3a, 0x20, 0x22, 0x22, 0x2c, 0xa, 0x20, 0x20, 0x20, 0x20, 0x22, 0x52, 0x65, 0x6c, 0x65, 0x61, 0x73, 0x65, 0x43, 0x79, 0x63, 0x6c, 0x65, 0x22, 0x3a, 0x20, 0x22, 0x32, 0x2e, 0x38, 0x22, 0x2c, 0xa, 0x20, 0x20, 0x20, 0x20, 0x22, 0x45, 0x6f, 0x6c, 0x22, 0x3a, 0x20, 0x22, 0x74, 0x72, 0x75, 0x65, 0x22, 0x2c, 0xa, 0x20, 0x20, 0x20, 0x20, 0x22, 0x4c, 0x61, 0x74, 0x65, 0x73, 0x74, 0x52, 0x65, 0x6c, 0x65, 0x61, 0x73, 0x65, 0x22, 0x3a, 0x20, 0x22, 0x22, 0x2c, 0xa, 0x20, 0x20, 0x20, 0x20, 0x22, 0x4c, 0x61, 0x74, 0x65, 0x73, 0x74, 0x52, 0x65, 0x6c, 0x65, 0x61, 0x73, 0x65, 0x44, 0x61, 0x74, 0x65, 0x22, 0x3a, 0x20, 0x22, 0x32, 0x30, 0x31, 0x36, 0x2d, 0x30, 0x37, 0x2d, 0x33, 0x31, 0x22, 0x2c, 0xa, 0x20, 0x20, 0x20, 0x20, 0x22, 0x52, 0x65, 0x6c, 0x65, 0x61, 0x73, 0x65, 0x44, 0x61, 0x74, 0x65, 0x22, 0x3a, 0x20, 0x22, 0x32, 0x30, 0x31, 0x36, 0x2d, 0x30, 0x37, 0x2d, 0x33, 0x31, 0x22, 0xa, 0x20, 0x20, 0x20, 0x7d, 0x2c, 0xa, 0x20, 0x20, 0x20, 0x22, 0x50, 0x61, 0x63, 0x6b, 0x61, 0x67, 0x65, 0x22, 0x3a, 0x20, 0x7b, 0xa, 0x20, 0x20, 0x20, 0x20, 0x22, 0x49, 0x44, 0x22, 0x3a, 0x20, 0x22, 0x22, 0x2c, 0xa, 0x20, 0x20, 0x20, 0x20, 0x22, 0x4e, 0x61, 0x6d, 0x65, 0x22, 0x3a, 0x20, 0x22, 0x22, 0x2c, 0xa, 0x20, 0x20, 0x20, 0x20, 0x22, 0x56, 0x65, 0x72, 0x73, 0x69, 0x6f, 0x6e, 0x22, 0x3a, 0x20, 0x22, 0x22, 0x2c, 0xa, 0x20, 0x20, 0x20, 0x20, 0x22, 0x4c, 0x6f, 0x63, 0x61, 0x74, 0x69, 0x6f, 0x6e, 0x73, 0x22, 0x3a, 0x20, 0x7b, 0x7d, 0x2c, 0xa, 0x20, 0x20, 0x20, 0x20, 0x22, 0x4c, 0x61, 0x6e, 0x67, 0x75, 0x61, 0x67, 0x65, 0x22, 0x3a, 0x20, 0x22, 0x22, 0x2c, 0xa, 0x20, 0x20, 0x20, 0x20, 0x22, 0x4c, 0x69, 0x63, 0x65, 0x6e, 0x73, 0x65, 0x73, 0x22, 0x3a, 0x20, 0x6e, 0x75, 0x6c, 0x6c, 0x2c, 0xa, 0x20, 0x20, 0x20, 0x20, 0x22, 0x54, 0x79, 0x70, 0x65, 0x22, 0x3a, 0x20, 0x22, 0x22, 0x2c, 0xa, 0x20, 0x20, 0x20, 0x20, 0x22, 0x43, 0x50, 0x45, 0x73, 0x22, 0x3a, 0x20, 0x6e, 0x75, 0x6c, 0x6c, 0x2c, 0xa, 0x20, 0x20, 0x20, 0x20, 0x22, 0x50, 0x55, 0x52, 0x4c, 0x22, 0x3a, 0x20, 0x22, 0x22, 0x2c, 0xa, 0x20, 0x20, 0x20, 0x20, 0x22, 0x55, 0x70, 0x73, 0x74, 0x72, 0x65, 0x61, 0x6d, 0x73, 0x22, 0x3a, 0x20, 0x6e, 0x75, 0x6c, 0x6c, 0x2c, 0xa, 0x20, 0x20, 0x20, 0x20, 0x22, 0x4d, 0x65, 0x74, 0x61, 0x64, 0x61, 0x74, 0x61, 0x54, 0x79, 0x70, 0x65, 0x22, 0x3a, 0x20, 0x22, 0x22, 0x2c, 0xa, 0x20, 0x20, 0x20, 0x20, 0x22, 0x4d, 0x65, 0x74, 0x61, 0x64, 0x61, 0x74, 0x61, 0x22, 0x3a, 0x20, 0x6e, 0x75, 0x6c, 0x6c, 0xa, 0x20, 0x20, 0x20, 0x7d, 0x2c, 0xa, 0x20, 0x20, 0x20, 0x22, 0x61, 0x72, 0x74, 0x69, 0x66, 0x61, 0x63, 0x74, 0x22, 0x3a, 0x20, 0x7b, 0xa, 0x20, 0x20, 0x20, 0x20, 0x22, 0x6e, 0x61, 0x6d, 0x65, 0x22, 0x3a, 0x20, 0x22, 0x70, 0x61, 0x63, 0x6b, 0x61, 0x67, 0x65, 0x2d, 0x32, 0x22, 0x2c, 0xa, 0x20, 0x20, 0x20, 0x20, 0x22, 0x76, 0x65, 0x72, 0x73, 0x69, 0x6f, 0x6e, 0x22, 0x3a, 0x20, 0x22, 0x32, 0x2e, 0x32, 0x2e, 0x32, 0x22, 0x2c, 0xa, 0x20, 0x20, 0x20, 0x20, 0x22, 0x74, 0x79, 0x70, 0x65, 0x22, 0x3a, 0x20, 0x22, 0x64, 0x65, 0x62, 0x22, 0x2c, 0xa, 0x20, 0x20, 0x20, 0x20, 0x22, 0x6c, 0x6f, 0x63, 0x61, 0x74, 0x69, 0x6f, 0x6e, 0x73, 0x22, 0x3a, 0x20, 0x5b, 0xa, 0x20, 0x20, 0x20, 0x20, 0x20, 0x7b, 0xa, 0x20, 0x20, 0x20, 0x20, 0x20, 0x20, 0x22, 0x70, 0x61, 0x74, 0x68, 0x22, 0x3a, 0x20, 0x22, 0x2f, 0x66, 0x6f, 0x6f, 0x2f, 0x62, 0x61, 0x72, 0x2f, 0x73, 0x6f, 0x6d, 0x65, 0x66, 0x69, 0x6c, 0x65, 0x2d, 0x32, 0x2e, 0x74, 0x78, 0x74, 0x22, 0xa, 0x20, 0x20, 0x20, 0x20, 0x20, 0x7d, 0xa, 0x20, 0x20, 0x20, 0x20, 0x5d, 0x2c, 0xa, 0x20, 0x20, 0x20, 0x20, 0x22, 0x6c, 0x61, 0x6e, 0x67, 0x75, 0x61, 0x67, 0x65, 0x22, 0x3a, 0x20, 0x22, 0x22, 0x2c, 0xa, 0x20, 0x20, 0x20, 0x20, 0x22, 0x6c, 0x69, 0x63, 0x65, 0x6e, 0x73, 0x65, 0x73, 0x22, 0x3a, 0x20, 0x5b, 0xa, 0x20, 0x20, 0x20, 0x20, 0x20, 0x22, 0x4d, 0x49, 0x54, 0x22, 0x2c, 0xa, 0x20, 0x20, 0x20, 0x20, 0x20, 0x22, 0x41, 0x70, 0x61, 0x63, 0x68, 0x65, 0x2d, 0x32, 0x2e, 0x30, 0x22, 0xa, 0x20, 0x20, 0x20, 0x20, 0x5d, 0x2c, 0xa, 0x20, 0x20, 0x20, 0x20, 0x22, 0x63, 0x70, 0x65, 0x73, 0x22, 0x3a, 0x20, 0x5b, 0x5d, 0x2c, 0xa, 0x20, 0x20, 0x20, 0x20, 0x22, 0x70, 0x75, 0x72, 0x6c, 0x22, 0x3a, 0x20, 0x22, 0x22, 0x2c, 0xa, 0x20, 0x20, 0x20, 0x20, 0x22, 0x75, 0x70, 0x73, 0x74, 0x72, 0x65, 0x61, 0x6d, 0x73, 0x22, 0x3a, 0x20, 0x5b, 0x5d, 0xa, 0x20, 0x20, 0x20, 0x7d, 0xa, 0x20, 0x20, 0x7d, 0x2c, 0xa, 0x20, 0x20, 0x7b, 0xa, 0x20, 0x20, 0x20, 0x22, 0x43, 0x79, 0x63, 0x6c, 0x65, 0x22, 0x3a, 0x20, 0x7b, 0xa, 0x20, 0x20, 0x20, 0x20, 0x22, 0x50, 0x72, 0x6f, 0x64, 0x75, 0x63, 0x74, 0x4e, 0x61, 0x6d, 0x65, 0x22, 0x3a, 0x20, 0x22, 0x4d, 0x6f, 0x6e, 0x67, 0x6f, 0x44, 0x42, 0x20, 0x53, 0x65, 0x72, 0x76, 0x65, 0x72, 0x22, 0x2c, 0xa, 0x20, 0x20, 0x20, 0x20, 0x22, 0x50, 0x72, 0x6f, 0x64, 0x75, 0x63, 0x74, 0x50, 0x65, 0x72, 0x6d, 0x61, 0x6c, 0x69, 0x6e, 0x6b, 0x22, 0x3a, 0x20, 0x22, 0x22, 0x2c, 0xa, 0x20, 0x20, 0x20, 0x20, 0x22, 0x52, 0x65, 0x6c, 0x65, 0x61, 0x73, 0x65, 0x43, 0x79, 0x63, 0x6c, 0x65, 0x22, 0x3a, 0x20, 0x22, 0x33, 0x2e, 0x32, 0x22, 0x2c, 0xa, 0x20, 0x20, 0x20, 0x20, 0x22, 0x45, 0x6f, 0x6c, 0x22, 0x3a, 0x20, 0x22, 0x32, 0x30, 0x31, 0x38, 0x2d, 0x30, 0x37, 0x2d, 0x33, 0x31, 0x22, 0x2c, 0xa, 0x20, 0x20, 0x20, 0x20, 0x22, 0x4c, 0x61, 0x74, 0x65, 0x73, 0x74, 0x52, 0x65, 0x6c, 0x65, 0x61, 0x73, 0x65, 0x22, 0x3a, 0x20, 0x22, 0x22, 0x2c, 0xa, 0x20, 0x20, 0x20, 0x20, 0x22, 0x4c, 0x61, 0x74, 0x65, 0x73, 0x74, 0x52, 0x65, 0x6c, 0x65, 0x61, 0x73, 0x65, 0x44, 0x61, 0x74, 0x65, 0x22, 0x3a, 0x20, 0x22, 0x32, 0x30, 0x31, 0x38, 0x2d, 0x30, 0x37, 0x2d, 0x33, 0x31, 0x22, 0x2c, 0xa, 0x20, 0x20, 0x20, 0x20, 0x22, 0x52, 0x65, 0x6c, 0x65, 0x61, 0x73, 0x65, 0x44, 0x61, 0x74, 0x65, 0x22, 0x3a, 0x20, 0x22, 0x32, 0x30, 0x31, 0x38, 0x2d, 0x30, 0x37, 0x2d, 0x33, 0x31, 0x22, 0xa, 0x20, 0x20, 0x20, 0x7d, 0x2c, 0xa, 0x20, 0x20, 0x20, 0x22, 0x50, 0x61, 0x63, 0x6b, 0x61, 0x67, 0x65, 0x22, 0x3a, 0x20, 0x7b, 0xa, 0x20, 0x20, 0x20, 0x20, 0x22, 0x49, 0x44, 0x22, 0x3a, 0x20, 0x22, 0x22, 0x2c, 0xa, 0x20, 0x20, 0x20, 0x20, 0x22, 0x4e, 0x61, 0x6d, 0x65, 0x22, 0x3a, 0x20, 0x22, 0x22, 0x2c, 0xa, 0x20, 0x20, 0x20, 0x20, 0x22, 0x56, 0x65, 0x72, 0x73, 0x69, 0x6f, 0x6e, 0x22, 0x3a, 0x20, 0x22, 0x22, 0x2c, 0xa, 0x20, 0x20, 0x20, 0x20, 0x22, 0x4c, 0x6f, 0x63, 0x61, 0x74, 0x69, 0x6f, 0x6e, 0x73, 0x22, 0x3a, 0x20, 0x7b, 0x7d, 0x2c, 0xa, 0x20, 0x20, 0x20, 0x20, 0x22, 0x4c, 0x61, 0x6e, 0x67, 0x75, 0x61, 0x67, 0x65, 0x22, 0x3a, 0x20, 0x22, 0x22, 0x2c, 0xa, 0x20, 0x20, 0x20, 0x20, 0x22, 0x4c, 0x69, 0x63, 0x65, 0x6e, 0x73, 0x65, 0x73, 0x22, 0x3a, 0x20, 0x6e, 0x75, 0x6c, 0x6c, 0x2c, 0xa, 0x20, 0x20, 0x20, 0x20, 0x22, 0x54, 0x79, 0x70, 0x65, 0x22, 0x3a, 0x20, 0x22, 0x22, 0x2c, 0xa, 0x20, 0x20, 0x20, 0x20, 0x22, 0x43, 0x50, 0x45, 0x73, 0x22, 0x3a, 0x20, 0x6e, 0x75, 0x6c, 0x6c, 0x2c, 0xa, 0x20, 0x20, 0x20, 0x20, 0x22, 0x50, 0x55, 0x52, 0x4c, 0x22, 0x3a, 0x20, 0x22, 0x22, 0x2c, 0xa, 0x20, 0x20, 0x20, 0x20, 0x22, 0x55, 0x70, 0x73, 0x74, 0x72, 0x65, 0x61, 0x6d, 0x73, 0x22, 0x3a, 0x20, 0x6e, 0x75, 0x6c, 0x6c, 0x2c, 0xa, 0x20, 0x20, 0x20, 0x20, 0x22, 0x4d, 0x65, 0x74, 0x61, 0x64, 0x61, 0x74, 0x61, 0x54, 0x79, 0x70, 0x65, 0x22, 0x3a, 0x20, 0x22, 0x22, 0x2c, 0xa, 0x20, 0x20, 0x20, 0x20, 0x22, 0x4d, 0x65, 0x74, 0x61, 0x64, 0x61, 0x74, 0x61, 0x22, 0x3a, 0x20, 0x6e, 0x75, 0x6c, 0x6c, 0xa, 0x20, 0x20, 0x20, 0x7d, 0x2c, 0xa, 0x20, 0x20, 0x20, 0x22, 0x61, 0x72, 0x74, 0x69, 0x66, 0x61, 0x63, 0x74, 0x22, 0x3a, 0x20, 0x7b, 0xa, 0x20, 0x20, 0x20, 0x20, 0x22, 0x6e, 0x61, 0x6d, 0x65, 0x22, 0x3a, 0x20, 0x22, 0x70, 0x61, 0x63, 0x6b, 0x61, 0x67, 0x65, 0x2d, 0x31, 0x22, 0x2c, 0xa, 0x20, 0x20, 0x20, 0x20, 0x22, 0x76, 0x65, 0x72, 0x73, 0x69, 0x6f, 0x6e, 0x22, 0x3a, 0x20, 0x22, 0x31, 0x2e, 0x31, 0x2e, 0x31, 0x22, 0x2c, 0xa, 0x20, 0x20, 0x20, 0x20, 0x22, 0x74, 0x79, 0x70, 0x65, 0x22, 0x3a, 0x20, 0x22, 0x72, 0x70, 0x6d, 0x22, 0x2c, 0xa, 0x20, 0x20, 0x20, 0x20, 0x22, 0x6c, 0x6f, 0x63, 0x61, 0x74, 0x69, 0x6f, 0x6e, 0x73, 0x22, 0x3a, 0x20, 0x5b, 0xa, 0x20, 0x20, 0x20, 0x20, 0x20, 0x7b, 0xa, 0x20, 0x20, 0x20, 0x20, 0x20, 0x20, 0x22, 0x70, 0x61, 0x74, 0x68, 0x22, 0x3a, 0x20, 0x22, 0x2f, 0x66, 0x6f, 0x6f, 0x2f, 0x62, 0x61, 0x72, 0x2f, 0x73, 0x6f, 0x6d, 0x65, 0x66, 0x69, 0x6c, 0x65, 0x2d, 0x31, 0x2e, 0x74, 0x78, 0x74, 0x22, 0xa, 0x20, 0x20, 0x20, 0x20, 0x20, 0x7d, 0xa, 0x20, 0x20, 0x20, 0x20, 0x5d, 0x2c, 0xa, 0x20, 0x20, 0x20, 0x20, 0x22, 0x6c, 0x61, 0x6e, 0x67, 0x75, 0x61, 0x67, 0x65, 0x22, 0x3a, 0x20, 0x22, 0x22, 0x2c, 0xa, 0x20, 0x20, 0x20, 0x20, 0x22, 0x6c, 0x69, 0x63, 0x65, 0x6e, 0x73, 0x65, 0x73, 0x22, 0x3a, 0x20, 0x5b, 0x5d, 0x2c, 0xa, 0x20, 0x20, 0x20, 0x20, 0x22, 0x63, 0x70, 0x65, 0x73, 0x22, 0x3a, 0x20, 0x5b, 0x5d, 0x2c, 0xa, 0x20, 0x20, 0x20, 0x20, 0x22, 0x70, 0x75, 0x72, 0x6c, 0x22, 0x3a, 0x20, 0x22, 0x22, 0x2c, 0xa, 0x20, 0x20, 0x20, 0x20, 0x22, 0x75, 0x70, 0x73, 0x74, 0x72, 0x65, 0x61, 0x6d, 0x73, 0x22, 0x3a, 0x20, 0x5b, 0xa, 0x20, 0x20, 0x20, 0x20, 0x20, 0x7b, 0xa, 0x20, 0x20, 0x20, 0x20, 0x20, 0x20, 0x22, 0x6e, 0x61, 0x6d, 0x65, 0x22, 0x3a, 0x20, 0x22, 0x6e, 0x6f, 0x74, 0x68, 0x69, 0x6e, 0x67, 0x22, 0x2c, 0xa, 0x20, 0x20, 0x20, 0x20, 0x20, 0x20, 0x22, 0x76, 0x65, 0x72, 0x73, 0x69, 0x6f, 0x6e, 0x22, 0x3a, 0x20, 0x22, 0x33, 0x2e, 0x32, 0x22, 0xa, 0x20, 0x20, 0x20, 0x20, 0x20, 0x7d, 0xa, 0x20, 0x20, 0x20, 0x20, 0x5d, 0x2c, 0xa, 0x20, 0x20, 0x20, 0x20, 0x22, 0x6d, 0x65, 0x74, 0x61, 0x64, 0x61, 0x74, 0x61, 0x54, 0x79, 0x70, 0x65, 0x22, 0x3a, 0x20, 0x22, 0x52, 0x70, 0x6d, 0x4d, 0x65, 0x74, 0x61, 0x64, 0x61, 0x74, 0x61, 0x22, 0x2c, 0xa, 0x20, 0x20, 0x20, 0x20, 0x22, 0x6d, 0x65, 0x74, 0x61, 0x64, 0x61, 0x74, 0x61, 0x22, 0x3a, 0x20, 0x7b, 0xa, 0x20, 0x20, 0x20, 0x20, 0x20, 0x22, 0x65, 0x70, 0x6f, 0x63, 0x68, 0x22, 0x3a, 0x20, 0x32, 0x2c, 0xa, 0x20, 0x20, 0x20, 0x20, 0x20, 0x22, 0x6d, 0x6f, 0x64, 0x75, 0x6c, 0x61, 0x72, 0x69, 0x74, 0x79, 0x4c, 0x61, 0x62, 0x65, 0x6c, 0x22, 0x3a, 0x20, 0x22, 0x22, 0xa, 0x20, 0x20, 0x20, 0x20, 0x7d, 0xa, 0x20, 0x20, 0x20, 0x7d, 0xa, 0x20, 0x20, 0x7d, 0x2c, 0xa, 0x20, 0x20, 0x7b, 0xa, 0x20, 0x20, 0x20, 0x22, 0x43, 0x79, 0x63, 0x6c, 0x65, 0x22, 0x3a, 0x20, 0x7b, 0xa, 0x20, 0x20, 0x20, 0x20, 0x22, 0x50, 0x72, 0x6f, 0x64, 0x75, 0x63, 0x74, 0x4e, 0x61, 0x6d, 0x65, 0x22, 0x3a, 0x20, 0x22, 0x55, 0x62, 0x75, 0x6e, 0x74, 0x75, 0x22, 0x2c, 0xa, 0x20, 0x20, 0x20, 0x20, 0x22, 0x50, 0x72, 0x6f, 0x64, 0x75, 0x63, 0x74, 0x50, 0x65, 0x72, 0x6d, 0x61, 0x6c, 0x69, 0x6e, 0x6b, 0x22, 0x3a, 0x20, 0x22, 0x22, 0x2c, 0xa, 0x20, 0x20, 0x20, 0x20, 0x22, 0x52, 0x65, 0x6c, 0x65, 0x61, 0x73, 0x65, 0x43, 0x79, 0x63, 0x6c, 0x65, 0x22, 0x3a, 0x20, 0x22, 0x31, 0x36, 0x2e, 0x30, 0x34, 0x22, 0x2c, 0xa, 0x20, 0x20, 0x20, 0x20, 0x22, 0x45, 0x6f, 0x6c, 0x22, 0x3a, 0x20, 0x22, 0x32, 0x30, 0x32, 0x31, 0x2d, 0x30, 0x34, 0x2d, 0x30, 0x32, 0x22, 0x2c, 0xa, 0x20, 0x20, 0x20, 0x20, 0x22, 0x4c, 0x61, 0x74, 0x65, 0x73, 0x74, 0x52, 0x65, 0x6c, 0x65, 0x61, 0x73, 0x65, 0x22, 0x3a, 0x20, 0x22, 0x22, 0x2c, 0xa, 0x20, 0x20, 0x20, 0x20, 0x22, 0x4c, 0x61, 0x74, 0x65, 0x73, 0x74, 0x52, 0x65, 0x6c, 0x65, 0x61, 0x73, 0x65, 0x44, 0x61, 0x74, 0x65, 0x22, 0x3a, 0x20, 0x22, 0x32, 0x30, 0x31, 0x36, 0x2d, 0x30, 0x37, 0x2d, 0x33, 0x31, 0x22, 0x2c, 0xa, 0x20, 0x20, 0x20, 0x20, 0x22, 0x52, 0x65, 0x6c, 0x65, 0x61, 0x73, 0x65, 0x44, 0x61, 0x74, 0x65, 0x22, 0x3a, 0x20, 0x22, 0x32, 0x30, 0x31, 0x36, 0x2d, 0x30, 0x37, 0x2d, 0x33, 0x31, 0x22, 0xa, 0x20, 0x20, 0x20, 0x7d, 0x2c, 0xa, 0x20, 0x20, 0x20, 0x22, 0x50, 0x61, 0x63, 0x6b, 0x61, 0x67, 0x65, 0x22, 0x3a, 0x20, 0x7b, 0xa, 0x20, 0x20, 0x20, 0x20, 0x22, 0x49, 0x44, 0x22, 0x3a, 0x20, 0x22, 0x22, 0x2c, 0xa, 0x20, 0x20, 0x20, 0x20, 0x22, 0x4e, 0x61, 0x6d, 0x65, 0x22, 0x3a, 0x20, 0x22, 0x22, 0x2c, 0xa, 0x20, 0x20, 0x20, 0x20, 0x22, 0x56, 0x65, 0x72, 0x73, 0x69, 0x6f, 0x6e, 0x22, 0x3a, 0x20, 0x22, 0x22, 0x2c, 0xa, 0x20, 0x20, 0x20, 0x20, 0x22, 0x4c, 0x6f, 0x63, 0x61, 0x74, 0x69, 0x6f, 0x6e, 0x73, 0x22, 0x3a, 0x20, 0x7b, 0x7d, 0x2c, 0xa, 0x20, 0x20, 0x20, 0x20, 0x22, 0x4c, 0x61, 0x6e, 0x67, 0x75, 0x61, 0x67, 0x65, 0x22, 0x3a, 0x20, 0x22, 0x22, 0x2c, 0xa, 0x20, 0x20, 0x20, 0x20, 0x22, 0x4c, 0x69, 0x63, 0x65, 0x6e, 0x73, 0x65, 0x73, 0x22, 0x3a, 0x20, 0x6e, 0x75, 0x6c, 0x6c, 0x2c, 0xa, 0x20, 0x20, 0x20, 0x20, 0x22, 0x54, 0x79, 0x70, 0x65, 0x22, 0x3a, 0x20, 0x22, 0x22, 0x2c, 0xa, 0x20, 0x20, 0x20, 0x20, 0x22, 0x43, 0x50, 0x45, 0x73, 0x22, 0x3a, 0x20, 0x6e, 0x75, 0x6c, 0x6c, 0x2c, 0xa, 0x20, 0x20, 0x20, 0x20, 0x22, 0x50, 0x55, 0x52, 0x4c, 0x22, 0x3a, 0x20, 0x22, 0x22, 0x2c, 0xa, 0x20, 0x20, 0x20, 0x20, 0x22, 0x55, 0x70, 0x73, 0x74, 0x72, 0x65, 0x61, 0x6d, 0x73, 0x22, 0x3a, 0x20, 0x6e, 0x75, 0x6c, 0x6c, 0x2c, 0xa, 0x20, 0x20, 0x20, 0x20, 0x22, 0x4d, 0x65, 0x74, 0x61, 0x64, 0x61, 0x74, 0x61, 0x54, 0x79, 0x70, 0x65, 0x22, 0x3a, 0x20, 0x22, 0x22, 0x2c, 0xa, 0x20, 0x20, 0x20, 0x20, 0x22, 0x4d, 0x65, 0x74, 0x61, 0x64, 0x61, 0x74, 0x61, 0x22, 0x3a, 0x20, 0x6e, 0x75, 0x6c, 0x6c, 0xa, 0x20, 0x20, 0x20, 0x7d, 0x2c, 0xa, 0x20, 0x20, 0x20, 0x22, 0x61, 0x72, 0x74, 0x69, 0x66, 0x61, 0x63, 0x74, 0x22, 0x3a, 0x20, 0x7b, 0xa, 0x20, 0x20, 0x20, 0x20, 0x22, 0x6e, 0x61, 0x6d, 0x65, 0x22, 0x3a, 0x20, 0x22, 0x75, 0x62, 0x75, 0x6e, 0x74, 0x75, 0x22, 0x2c, 0xa, 0x20, 0x20, 0x20, 0x20, 0x22, 0x76, 0x65, 0x72, 0x73, 0x69, 0x6f, 0x6e, 0x22, 0x3a, 0x20, 0x22, 0x31, 0x36, 0x2e, 0x30, 0x34, 0x22, 0x2c, 0xa, 0x20, 0x20, 0x20, 0x20, 0x22, 0x74, 0x79, 0x70, 0x65, 0x22, 0x3a, 0x20, 0x22, 0x6f, 0x73, 0x22, 0x2c, 0xa, 0x20, 0x20, 0x20, 0x20, 0x22, 0x6c, 0x6f, 0x63, 0x61, 0x74, 0x69, 0x6f, 0x6e, 0x73, 0x22, 0x3a, 0x20, 0x5b, 0x5d, 0x2c, 0xa, 0x20, 0x20, 0x20, 0x20, 0x22, 0x6c, 0x61, 0x6e, 0x67, 0x75, 0x61, 0x67, 0x65, 0x22, 0x3a, 0x20, 0x22, 0x22, 0x2c, 0xa, 0x20, 0x20, 0x20, 0x20, 0x22, 0x6c, 0x69, 0x63, 0x65, 0x6e, 0x73, 0x65, 0x73, 0x22, 0x3a, 0x20, 0x5b, 0x5d, 0x2c, 0xa, 0x20, 0x20, 0x20, 0x20, 0x22, 0x63, 0x70, 0x65, 0x73, 0x22, 0x3a, 0x20, 0x5b, 0x5d, 0x2c, 0xa, 0x20, 0x20, 0x20, 0x20, 0x22, 0x70, 0x75, 0x72, 0x6c, 0x22, 0x3a, 0x20, 0x22, 0x22, 0x2c, 0xa, 0x20, 0x20, 0x20, 0x20, 0x22, 0x75, 0x70, 0x73, 0x74, 0x72, 0x65, 0x61, 0x6d, 0x73, 0x22, 0x3a, 0x20, 0x5b, 0x5d, 0xa, 0x20, 0x20, 0x20, 0x7d, 0xa, 0x20, 0x20, 0x7d, 0xa, 0x20, 0x5d, 0x2c, 0xa, 0x20, 0x22, 0x73, 0x6f, 0x75, 0x72, 0x63, 0x65, 0x22, 0x3a, 0x20, 0x7b, 0xa, 0x20, 0x20, 0x22, 0x74, 0x79, 0x70, 0x65, 0x22, 0x3a, 0x20, 0x22, 0x69, 0x6d, 0x61, 0x67, 0x65, 0x22, 0x2c, 0xa, 0x20, 0x20, 0x22, 0x74, 0x61, 0x72, 0x67, 0x65, 0x74, 0x22, 0x3a, 0x20, 0x7b, 0xa, 0x20, 0x20, 0x20, 0x22, 0x75, 0x73, 0x65, 0x72, 0x49, 0x6e, 0x70, 0x75, 0x74, 0x22, 0x3a, 0x20, 0x22, 0x75, 0x73, 0x65, 0x72, 0x2d, 0x69, 0x6e, 0x70, 0x75, 0x74, 0x22, 0x2c, 0xa, 0x20, 0x20, 0x20, 0x22, 0x69, 0x6d, 0x61, 0x67, 0x65, 0x49, 0x44, 0x22, 0x3a, 0x20, 0x22, 0x73, 0x68, 0x61, 0x32, 0x35, 0x36, 0x3a, 0x61, 0x62, 0x35, 0x36, 0x30, 0x38, 0x64, 0x36, 0x33, 0x34, 0x64, 0x62, 0x32, 0x37, 0x31, 0x36, 0x61, 0x32, 0x39, 0x37, 0x61, 0x64, 0x62, 0x66, 0x61, 0x36, 0x61, 0x35, 0x64, 0x64, 0x35, 0x64, 0x38, 0x66, 0x38, 0x66, 0x35, 0x61, 0x37, 0x64, 0x30, 0x63, 0x61, 0x62, 0x37, 0x33, 0x36, 0x34, 0x39, 0x65, 0x61, 0x37, 0x66, 0x62, 0x62, 0x38, 0x63, 0x38, 0x64, 0x61, 0x35, 0x34, 0x34, 0x66, 0x22, 0x2c, 0xa, 0x20, 0x20, 0x20, 0x22, 0x6d, 0x61, 0x6e, 0x69, 0x66, 0x65, 0x73, 0x74, 0x44, 0x69, 0x67, 0x65, 0x73, 0x74, 0x22, 0x3a, 0x20, 0x22, 0x73, 0x68, 0x61, 0x32, 0x35, 0x36, 0x3a, 0x63, 0x61, 0x37, 0x33, 0x38, 0x61, 0x62, 0x62, 0x38, 0x37, 0x61, 0x38, 0x64, 0x35, 0x38, 0x66, 0x31, 0x31, 0x32, 0x64, 0x33, 0x34, 0x30, 0x30, 0x65, 0x62, 0x62, 0x30, 0x37, 0x39, 0x62, 0x36, 0x31, 0x63, 0x65, 0x61, 0x65, 0x37, 0x64, 0x63, 0x32, 0x39, 0x30, 0x62, 0x65, 0x62, 0x33, 0x34, 0x62, 0x64, 0x61, 0x37, 0x33, 0x35, 0x62, 0x65, 0x34, 0x62, 0x31, 0x39, 0x34, 0x31, 0x64, 0x35, 0x22, 0x2c, 0xa, 0x20, 0x20, 0x20, 0x22, 0x6d, 0x65, 0x64, 0x69, 0x61, 0x54, 0x79, 0x70, 0x65, 0x22, 0x3a, 0x20, 0x22, 0x61, 0x70, 0x70, 0x6c, 0x69, 0x63, 0x61, 0x74, 0x69, 0x6f, 0x6e, 0x2f, 0x76, 0x6e, 0x64, 0x2e, 0x64, 0x6f, 0x63, 0x6b, 0x65, 0x72, 0x2e, 0x64, 0x69, 0x73, 0x74, 0x72, 0x69, 0x62, 0x75, 0x74, 0x69, 0x6f, 0x6e, 0x2e, 0x6d, 0x61, 0x6e, 0x69, 0x66, 0x65, 0x73, 0x74, 0x2e, 0x76, 0x32, 0x2b, 0x6a, 0x73, 0x6f, 0x6e, 0x22, 0x2c, 0xa, 0x20, 0x20, 0x20, 0x22, 0x74, 0x61, 0x67, 0x73, 0x22, 0x3a, 0x20, 0x5b, 0x5d, 0x2c, 0xa, 0x20, 0x20, 0x20, 0x22, 0x69, 0x6d, 0x61, 0x67, 0x65, 0x53, 0x69, 0x7a, 0x65, 0x22, 0x3a, 0x20, 0x36, 0x35, 0x2c, 0xa, 0x20, 0x20, 0x20, 0x22, 0x6c, 0x61, 0x79, 0x65, 0x72, 0x73, 0x22, 0x3a, 0x20, 0x5b, 0xa, 0x20, 0x20, 0x20, 0x20, 0x7b, 0xa, 0x20, 0x20, 0x20, 0x20, 0x20, 0x22, 0x6d, 0x65, 0x64, 0x69, 0x61, 0x54, 0x79, 0x70, 0x65, 0x22, 0x3a, 0x20, 0x22, 0x61, 0x70, 0x70, 0x6c, 0x69, 0x63, 0x61, 0x74, 0x69, 0x6f, 0x6e, 0x2f, 0x76, 0x6e, 0x64, 0x2e, 0x64, 0x6f, 0x63, 0x6b, 0x65, 0x72, 0x2e, 0x69, 0x6d, 0x61, 0x67, 0x65, 0x2e, 0x72, 0x6f, 0x6f, 0x74, 0x66, 0x73, 0x2e, 0x64, 0x69, 0x66, 0x66, 0x2e, 0x74, 0x61, 0x72, 0x2e, 0x67, 0x7a, 0x69, 0x70, 0x22, 0x2c, 0xa, 0x20, 0x20, 0x20, 0x20, 0x20, 0x22, 0x64, 0x69, 0x67, 0x65, 0x73, 0x74, 0x22, 0x3a, 0x20, 0x22, 0x73, 0x68, 0x61, 0x32, 0x35, 0x36, 0x3a, 0x63, 0x61, 0x37, 0x33, 0x38, 0x61, 0x62, 0x62, 0x38, 0x37, 0x61, 0x38, 0x64, 0x35, 0x38, 0x66, 0x31, 0x31, 0x32, 0x64, 0x33, 0x34, 0x30, 0x30, 0x65, 0x62, 0x62, 0x30, 0x37, 0x39, 0x62, 0x36, 0x31, 0x63, 0x65, 0x61, 0x65, 0x37, 0x64, 0x63, 0x32, 0x39, 0x30, 0x62, 0x65, 0x62, 0x33, 0x34, 0x62, 0x64, 0x61, 0x37, 0x33, 0x35, 0x62, 0x65, 0x34, 0x62, 0x31, 0x39, 0x34, 0x31, 0x64, 0x35, 0x22, 0x2c, 0xa, 0x20, 0x20, 0x20, 0x20, 0x20, 0x22, 0x73, 0x69, 0x7a, 0x65, 0x22, 0x3a, 0x20, 0x32, 0x32, 0xa, 0x20, 0x20, 0x20, 0x20, 0x7d, 0x2c, 0xa, 0x20, 0x20, 0x20, 0x20, 0x7b, 0xa, 0x20, 0x20, 0x20, 0x20, 0x20, 0x22, 0x6d, 0x65, 0x64, 0x69, 0x61, 0x54, 0x79, 0x70, 0x65, 0x22, 0x3a, 0x20, 0x22, 0x61, 0x70, 0x70, 0x6c, 0x69, 0x63, 0x61, 0x74, 0x69, 0x6f, 0x6e, 0x2f, 0x76, 0x6e, 0x64, 0x2e, 0x64, 0x6f, 0x63, 0x6b, 0x65, 0x72, 0x2e, 0x69, 0x6d, 0x61, 0x67, 0x65, 0x2e, 0x72, 0x6f, 0x6f, 0x74, 0x66, 0x73, 0x2e, 0x64, 0x69, 0x66, 0x66, 0x2e, 0x74, 0x61, 0x72, 0x2e, 0x67, 0x7a, 0x69, 0x70, 0x22, 0x2c, 0xa, 0x20, 0x20, 0x20, 0x20, 0x20, 0x22, 0x64, 0x69, 0x67, 0x65, 0x73, 0x74, 0x22, 0x3a, 0x20, 0x22, 0x73, 0x68, 0x61, 0x32, 0x35, 0x36, 0x3a, 0x61, 0x30, 0x35, 0x63, 0x64, 0x39, 0x65, 0x62, 0x66, 0x38, 0x38, 0x61, 0x66, 0x39, 0x36, 0x34, 0x35, 0x30, 0x66, 0x31, 0x65, 0x32, 0x35, 0x33, 0x36, 0x37, 0x32, 0x38, 0x31, 0x61, 0x62, 0x32, 0x33, 0x32, 0x61, 0x63, 0x30, 0x36, 0x34, 0x35, 0x66, 0x33, 0x31, 0x34, 0x31, 0x32, 0x34, 0x66, 0x65, 0x30, 0x31, 0x61, 0x66, 0x37, 0x35, 0x39, 0x62, 0x39, 0x33, 0x66, 0x33, 0x30, 0x30, 0x36, 0x22, 0x2c, 0xa, 0x20, 0x20, 0x20, 0x20, 0x20, 0x22, 0x73, 0x69, 0x7a, 0x65, 0x22, 0x3a, 0x20, 0x31, 0x36, 0xa, 0x20, 0x20, 0x20, 0x20, 0x7d, 0x2c, 0xa, 0x20, 0x20, 0x20, 0x20, 0x7b, 0xa, 0x20, 0x20, 0x20, 0x20, 0x20, 0x22, 0x6d, 0x65, 0x64, 0x69, 0x61, 0x54, 0x79, 0x70, 0x65, 0x22, 0x3a, 0x20, 0x22, 0x61, 0x70, 0x70, 0x6c, 0x69, 0x63, 0x61, 0x74, 0x69, 0x6f, 0x6e, 0x2f, 0x76, 0x6e, 0x64, 0x2e, 0x64, 0x6f, 0x63, 0x6b, 0x65, 0x72, 0x2e, 0x69, 0x6d, 0x61, 0x67, 0x65, 0x2e, 0x72, 0x6f, 0x6f, 0x74, 0x66, 0x73, 0x2e, 0x64, 0x69, 0x66, 0x66, 0x2e, 0x74, 0x61, 0x72, 0x2e, 0x67, 0x7a, 0x69, 0x70, 0x22, 0x2c, 0xa, 0x20, 0x20, 0x20, 0x20, 0x20, 0x22, 0x64, 0x69, 0x67, 0x65, 0x73, 0x74, 0x22, 0x3a, 0x20, 0x22, 0x73, 0x68, 0x61, 0x32, 0x35, 0x36, 0x3a, 0x61, 0x62, 0x35, 0x36, 0x30, 0x38, 0x64, 0x36, 0x33, 0x34, 0x64, 0x62, 0x32, 0x37, 0x31, 0x36, 0x61, 0x32, 0x39, 0x37, 0x61, 0x64, 0x62, 0x66, 0x61, 0x36, 0x61, 0x35, 0x64, 0x64, 0x35, 0x64, 0x38, 0x66, 0x38, 0x66, 0x35, 0x61, 0x37, 0x64, 0x30, 0x63, 0x61, 0x62, 0x37, 0x33, 0x36, 0x34, 0x39, 0x65, 0x61, 0x37, 0x66, 0x62, 0x62, 0x38, 0x63, 0x38, 0x64, 0x61, 0x35, 0x34, 0x34, 0x66, 0x22, 0x2c, 0xa, 0x20, 0x20, 0x20, 0x20, 0x20, 0x22, 0x73, 0x69, 0x7a, 0x65, 0x22, 0x3a, 0x20, 0x32, 0x37, 0xa, 0x20, 0x20, 0x20, 0x20, 0x7d, 0xa, 0x20, 0x20, 0x20, 0x5d, 0x2c, 0xa, 0x20, 0x20, 0x20, 0x22, 0x6d, 0x61, 0x6e, 0x69, 0x66, 0x65, 0x73, 0x74, 0x22, 0x3a, 0x20, 0x6e, 0x75, 0x6c, 0x6c, 0x2c, 0xa, 0x20, 0x20, 0x20, 0x22, 0x63, 0x6f, 0x6e, 0x66, 0x69, 0x67, 0x22, 0x3a, 0x20, 0x6e, 0x75, 0x6c, 0x6c, 0x2c, 0xa, 0x20, 0x20, 0x20, 0x22, 0x72, 0x65, 0x70, 0x6f, 0x44, 0x69, 0x67, 0x65, 0x73, 0x74, 0x73, 0x22, 0x3a, 0x20, 0x5b, 0x5d, 0x2c, 0xa, 0x20, 0x20, 0x20, 0x22, 0x61, 0x72, 0x63, 0x68, 0x69, 0x74, 0x65, 0x63, 0x74, 0x75, 0x72, 0x65, 0x22, 0x3a, 0x20, 0x22, 0x22, 0x2c, 0xa, 0x20, 0x20, 0x20, 0x22, 0x6f, 0x73, 0x22, 0x3a, 0x20, 0x22, 0x22, 0xa, 0x20, 0x20, 0x7d, 0xa, 0x20, 0x7d, 0x2c, 0xa, 0x20, 0x22, 0x64, 0x69, 0x73, 0x74, 0x72, 0x6f, 0x22, 0x3a, 0x20, 0x7b, 0xa, 0x20, 0x20, 0x22, 0x6e, 0x61, 0x6d, 0x65, 0x22, 0x3a, 0x20, 0x22, 0x63, 0x65, 0x6e, 0x74, 0x6f, 0x73, 0x22, 0x2c, 0xa, 0x20, 0x20, 0x22, 0x76, 0x65, 0x72, 0x73, 0x69, 0x6f, 0x6e, 0x22, 0x3a, 0x20, 0x22, 0x38, 0x2e, 0x30, 0x22, 0x2c, 0xa, 0x20, 0x20, 0x22, 0x69, 0x64, 0x4c, 0x69, 0x6b, 0x65, 0x22, 0x3a, 0x20, 0x5b, 0xa, 0x20, 0x20, 0x20, 0x22, 0x63, 0x65, 0x6e, 0x74, 0x6f, 0x73, 0x22, 0xa, 0x20, 0x20, 0x5d, 0xa, 0x20, 0x7d, 0x2c, 0xa, 0x20, 0x22, 0x64, 0x65, 0x73, 0x63, 0x72, 0x69, 0x70, 0x74, 0x6f, 0x72, 0x22, 0x3a, 0x20, 0x7b, 0xa, 0x20, 0x20, 0x22, 0x6e, 0x61, 0x6d, 0x65, 0x22, 0x3a, 0x20, 0x22, 0x78, 0x65, 0x6f, 0x6c, 0x22, 0x2c, 0xa, 0x20, 0x20, 0x22, 0x76, 0x65, 0x72, 0x73, 0x69, 0x6f, 0x6e, 0x22, 0x3a, 0x20, 0x22, 0x5b, 0x6e, 0x6f, 0x74, 0x20, 0x70, 0x72, 0x6f, 0x76, 0x69, 0x64, 0x65, 0x64, 0x5d, 0x22, 0xa, 0x20, 0x7d, 0xa, 0x7d, 0xa}
---

[TestJsonDirsPresenter - 1]
[]uint8{0x7b, 0xa, 0x20, 0x22, 0x6d, 0x61, 0x74, 0x63, 0x68, 0x65, 0x73, 0x22, 0x3a, 0x20, 0x5b, 0xa, 0x20, 0x20, 0x7b, 0xa, 0x20, 0x20, 0x20, 0x22, 0x43, 0x79, 0x63, 0x6c, 0x65, 0x22, 0x3a, 0x20, 0x7b, 0xa, 0x20, 0x20, 0x20, 0x20, 0x22, 0x50, 0x72, 0x6f, 0x64, 0x75, 0x63, 0x74, 0x4e, 0x61, 0x6d, 0x65, 0x22, 0x3a, 0x20, 0x22, 0x4d, 0x6f, 0x6e, 0x67, 0x6f, 0x44, 0x42, 0x20, 0x53, 0x65, 0x72, 0x76, 0x65, 0x72, 0x22, 0x2c, 0xa, 0x20, 0x20, 0x20, 0x20, 0x22, 0x50, 0x72, 0x6f, 0x64, 0x75, 0x63, 0x74, 0x50, 0x65, 0x72, 0x6d, 0x61, 0x6c, 0x69, 0x6e, 0x6b, 0x22, 0x3a, 0x20, 0x22, 0x22, 0x2c, 0xa, 0x20, 0x20, 0x20, 0x20, 0x22, 0x52, 0x65, 0x6c, 0x65, 0x61, 0x73, 0x65, 0x43, 0x79, 0x63, 0x6c, 0x65, 0x22, 0x3a, 0x20, 0x22, 0x32, 0x2e, 0x38, 0x22, 0x2c, 0xa, 0x20, 0x20, 0x20, 0x20, 0x22, 0x45, 0x6f, 0x6c, 0x22, 0x3a, 0x20, 0x22, 0x74, 0x72, 0x75, 0x65, 0x22, 0x2c, 0xa, 0x20, 0x20, 0x20, 0x20, 0x22, 0x4c, 0x61, 0x74, 0x65, 0x73, 0x74, 0x52, 0x65, 0x6c, 0x65, 0x61, 0x73, 0x65, 0x22, 0x3a, 0x20, 0x22, 0x22, 0x2c, 0xa, 0x20, 0x20, 0x20, 0x20, 0x22, 0x4c, 0x61, 0x74, 0x65, 0x73, 0x74, 0x52, 0x65, 0x6c, 0x65, 0x61, 0x73, 0x65, 0x44, 0x61, 0x74, 0x65, 0x22, 0x3a, 0x20, 0x22, 0x32, 0x30, 0x31, 0x36, 0x2d, 0x30, 0x37, 0x2d, 0x33, 0x31, 0x22, 0x2c, 0xa, 0x20, 0x20, 0x20, 0x20, 0x22, 0x52, 0x65, 0x6c, 0x65, 0x61, 0x73, 0x65, 0x44, 0x61, 0x74, 0x65, 0x22, 0x3a, 0x20, 0x22, 0x32, 0x30, 0x31, 0x36, 0x2d, 0x30, 0x37, 0x2d, 0x33, 0x31, 0x22, 0xa, 0x20, 0x20, 0x20, 0x7d, 0x2c, 0xa, 0x20, 0x20, 0x20, 0x22, 0x50, 0x61, 0x63, 0x6b, 0x61, 0x67, 0x65, 0x22, 0x3a, 0x20, 0x7b, 0xa, 0x20, 0x20, 0x20, 0x20, 0x22, 0x49, 0x44, 0x22, 0x3a, 0x20, 0x22, 0x22, 0x2c, 0xa, 0x20, 0x20, 0x20, 0x20, 0x22, 0x4e, 0x61, 0x6d, 0x65, 0x22, 0x3a, 0x20, 0x22, 0x22, 0x2c, 0xa, 0x20, 0x20, 0x20, 0x20, 0x22, 0x56, 0x65, 0x72, 0x73, 0x69, 0x6f, 0x6e, 0x22, 0x3a, 0x20, 0x22, 0x22, 0x2c, 0xa, 0x20, 0x20, 0x20, 0x20, 0x22, 0x4c, 0x6f, 0x63, 0x61, 0x74, 0x69, 0x6f, 0x6e, 0x73, 0x22, 0x3a, 0x20, 0x7b, 0x7d, 0x2c, 0xa, 0x20, 0x20, 0x20, 0x20, 0x22, 0x4c, 0x61, 0x6e, 0x67, 0x75, 0x61, 0x67, 0x65, 0x22, 0x3a, 0x20, 0x22, 0x22, 0x2c, 0xa, 0x20, 0x20, 0x20, 0x20, 0x22, 0x4c, 0x69, 0x63, 0x65, 0x6e, 0x73, 0x65, 0x73, 0x22, 0x3a, 0x20, 0x6e, 0x75, 0x6c, 0x6c, 0x2c, 0xa, 0x20, 0x20, 0x20, 0x20, 0x22, 0x54, 0x79, 0x70, 0x65, 0x22, 0x3a, 0x20, 0x22, 0x22, 0x2c, 0xa, 0x20, 0x20, 0x20, 0x20, 0x22, 0x43, 0x50, 0x45, 0x73, 0x22, 0x3a, 0x20, 0x6e, 0x75, 0x6c, 0x6c, 0x2c, 0xa, 0x20, 0x20, 0x20, 0x20, 0x22, 0x50, 0x55, 0x52, 0x4c, 0x22, 0x3a, 0x20, 0x22, 0x22, 0x2c, 0xa, 0x20, 0x20, 0x20, 0x20, 0x22, 0x55, 0x70, 0x73, 0x74, 0x72, 0x65, 0x61, 0x6d, 0x73, 0x22, 0x3a, 0x20, 0x6e, 0x75, 0x6c, 0x6c, 0x2c, 0xa, 0x20, 0x20, 0x20, 0x20, 0x22, 0x4d, 0x65, 0x74, 0x61, 0x64, 0x61, 0x74, 0x61, 0x54, 0x79, 0x70, 0x65, 0x22, 0x3a, 0x20, 0x22, 0x22, 0x2c, 0xa, 0x20, 0x20, 0x20, 0x20, 0x22, 0x4d, 0x65, 0x74, 0x61, 0x64, 0x61, 0x74, 0x61, 0x22, 0x3a, 0x20, 0x6e, 0x75, 0x6c, 0x6c, 0xa, 0x20, 0x20, 0x20, 0x7d, 0x2c, 0xa, 0x20, 0x20, 0x20, 0x22, 0x61, 0x72, 0x74, 0x69, 0x66, 0x61, 0x63, 0x74, 0x22, 0x3a, 0x20, 0x7b, 0xa, 0x20, 0x20, 0x20, 0x20, 0x22, 0x6e, 0x61, 0x6d, 0x65, 0x22, 0x3a, 0x20, 0x22, 0x70, 0x61, 0x63, 0x6b, 0x61, 0x67, 0x65, 0x2d, 0x32, 0x22, 0x2c, 0xa, 0x20, 0x20, 0x20, 0x20, 0x22, 0x76, 0x65, 0x72, 0x73, 0x69, 0x6f, 0x6e, 0x22, 0x3a, 0x20, 0x22, 0x32, 0x2e, 0x32, 0x2e, 0x32, 0x22, 0x2c, 0xa, 0x20, 0x20, 0x20, 0x20, 0x22, 0x74, 0x79, 0x70, 0x65, 0x22, 0x3a, 0x20, 0x22, 0x64, 0x65, 0x62, 0x22, 0x2c, 0xa, 0x20, 0x20, 0x20, 0x20, 0x22, 0x6c, 0x6f, 0x63, 0x61, 0x74, 0x69, 0x6f, 0x6e, 0x73, 0x22, 0x3a, 0x20, 0x5b, 0xa, 0x20, 0x20, 0x20, 0x20, 0x20, 0x7b, 0xa, 0x20, 0x20, 0x20, 0x20, 0x20, 0x20, 0x22, 0x70, 0x61, 0x74, 0x68, 0x22, 0x3a, 0x20, 0x22, 0x2f, 0x66, 0x6f, 0x6f, 0x2f, 0x62, 0x61, 0x72, 0x2f, 0x73, 0x6f, 0x6d, 0x65, 0x66, 0x69, 0x6c, 0x65, 0x2d, 0x32, 0x2e, 0x74, 0x78, 0x74, 0x22, 0xa, 0x20, 0x20, 0x20, 0x20, 0x20, 0x7d, 0xa, 0x20, 0x20, 0x20, 0x20, 0x5d, 0x2c, 0xa, 0x20, 0x20, 0x20, 0x20, 0x22, 0x6c, 0x61, 0x6e, 0x67, 0x75, 0x61, 0x67, 0x65, 0x22, 0x3a, 0x20, 0x22, 0x22, 0x2c, 0xa, 0x20, 0x20, 0x20, 0x20, 0x22, 0x6c, 0x69, 0x63, 0x65, 0x6e, 0x73, 0x65, 0x73, 0x22, 0x3a, 0x20, 0x5b, 0xa, 0x20, 0x20, 0x20, 0x20, 0x20, 0x22, 0x4d, 0x49, 0x54, 0x22, 0x2c, 0xa, 0x20, 0x20, 0x20, 0x20, 0x20, 0x22, 0x41, 0x70, 0x61, 0x63, 0x68, 0x65, 0x2d, 0x32, 0x2e, 0x30, 0x22, 0xa, 0x20, 0x20, 0x20, 0x20, 0x5d, 0x2c, 0xa, 0x20, 0x20, 0x20, 0x20, 0x22, 0x63, 0x70, 0x65, 0x73, 0x22, 0x3a, 0x20, 0x5b, 0x5d, 0x2c, 0xa, 0x20, 0x20, 0x20, 0x20, 0x22, 0x70, 0x75, 0x72, 0x6c, 0x22, 0x3a, 0x20, 0x22, 0x22, 0x2c, 0xa, 0x20, 0x20, 0x20, 0x20, 0x22, 0x75, 0x70, 0x73, 0x74, 0x72, 0x65, 0x61, 0x6d, 0x73, 0x22, 0x3a, 0x20, 0x5b, 0x5d, 0xa, 0x20, 0x20, 0x20, 0x7d, 0xa, 0x20, 0x20, 0x7d, 0x2c, 0xa, 0x20, 0x20, 0x7b, 0xa, 0x20, 0x20, 0x20, 0x22, 0x43, 0x79, 0x63, 0x6c, 0x65, 0x22, 0x3a, 0x20, 0x7b, 0xa, 0x20, 0x20, 0x20, 0x20, 0x22, 0x50, 0x72, 0x6f, 0x64, 0x75, 0x63, 0x74, 0x4e, 0x61, 0x6d, 0x65, 0x22, 0x3a, 0x20, 0x22, 0x4d, 0x6f, 0x6e, 0x67, 0x6f, 0x44, 0x42, 0x20, 0x53, 0x65, 0x72, 0x76, 0x65, 0x72, 0x22, 0x2c, 0xa, 0x20, 0x20, 0x20, 0x20, 0x22, 0x50, 0x72, 0x6f, 0x64, 0x75, 0x63, 0x74, 0x50, 0x65, 0x72, 0x6d, 0x61, 0x6c, 0x69, 0x6e, 0x6b, 0x22, 0x3a, 0x20, 0x22, 0x22, 0x2c, 0xa, 0x20, 0x20, 0x20, 0x20, 0x22, 0x52, 0x65, 0x6c, 0x65, 0x61, 0x73, 0x65, 0x43, 0x79, 0x63, 0x6c, 0x65, 0x22, 0x3a, 0x20, 0x22, 0x33, 0x2e, 0x32, 0x22, 0x2c, 0xa, 0x20, 0x20, 0x20, 0x20, 0x22, 0x45, 0x6f, 0x6c, 0x22, 0x3a, 0x20, 0x22, 0x32, 0x30, 0x31, 0x38, 0x2d, 0x30, 0x37, 0x2d, 0x33, 0x31, 0x22, 0x2c, 0xa, 0x20, 0x20, 0x20, 0x20, 0x22, 0x4c, 0x61, 0x74, 0x65, 0x73, 0x74, 0x52, 0x65, 0x6c, 0x65, 0x61, 0x73, 0x65, 0x22, 0x3a, 0x20, 0x22, 0x22, 0x2c, 0xa, 0x20, 0x20, 0x20, 0x20, 0x22, 0x4c, 0x61, 0x74, 0x65, 0x73, 0x74, 0x52, 0x65, 0x6c, 0x65, 0x61, 0x73, 0x65, 0x44, 0x61, 0x74, 0x65, 0x22, 0x3a, 0x20, 0x22, 0x32, 0x30, 0x31, 0x38, 0x2d, 0x30, 0x37, 0x2d, 0x33, 0x31, 0x22, 0x2c, 0xa, 0x20, 0x20, 0x20, 0x20, 0x22, 0x52, 0x65, 0x6c, 0x65, 0x61, 0x73, 0x65, 0x44, 0x61, 0x74, 0x65, 0x22, 0x3a, 0x20, 0x22, 0x32, 0x30, 0x31, 0x38, 0x2d, 0x30, 0x37, 0x2d, 0x33, 0x31, 0x22, 0xa, 0x20, 0x20, 0x20, 0x7d, 0x2c, 0xa, 0x20, 0x20, 0x20, 0x22, 0x50, 0x61, 0x63, 0x6b, 0x61, 0x67, 0x65, 0x22, 0x3a, 0x20, 0x7b, 0xa, 0x20, 0x20, 0x20, 0x20, 0x22, 0x49, 0x44, 0x22, 0x3a, 0x20, 0x22, 0x22, 0x2c, 0xa, 0x20, 0x20, 0x20, 0x20, 0x22, 0x4e, 0x61, 0x6d, 0x65, 0x22, 0x3a, 0x20, 0x22, 0x22, 0x2c, 0xa, 0x20, 0x20, 0x20, 0x20, 0x22, 0x56, 0x65, 0x72, 0x73, 0x69, 0x6f, 0x6e, 0x22, 0x3a, 0x20, 0x22, 0x22, 0x2c, 0xa, 0x20, 0x20, 0x20, 0x20, 0x22, 0x4c, 0x6f, 0x63, 0x61, 0x74, 0x69, 0x6f, 0x6e, 0x73, 0x22, 0x3a, 0x20, 0x7b, 0x7d, 0x2c, 0xa, 0x20, 0x20, 0x20, 0x20, 0x22, 0x4c, 0x61, 0x6e, 0x67, 0x75, 0x61, 0x67, 0x65, 0x22, 0x3a, 0x20, 0x22, 0x22, 0x2c, 0xa, 0x20, 0x20, 0x20, 0x20, 0x22, 0x4c, 0x69, 0x63, 0x65, 0x6e, 0x73, 0x65, 0x73, 0x22, 0x3a, 0x20, 0x6e, 0x75, 0x6c, 0x6c, 0x2c, 0xa, 0x20, 0x20, 0x20, 0x20, 0x22, 0x54, 0x79, 0x70, 0x65, 0x22, 0x3a, 0x20, 0x22, 0x22, 0x2c, 0xa, 0x20, 0x20, 0x20, 0x20, 0x22, 0x43, 0x50, 0x45, 0x73, 0x22, 0x3a, 0x20, 0x6e, 0x75, 0x6c, 0x6c, 0x2c, 0xa, 0x20, 0x20, 0x20, 0x20, 0x22, 0x50, 0x55, 0x52, 0x4c, 0x22, 0x3a, 0x20, 0x22, 0x22, 0x2c, 0xa, 0x20, 0x20, 0x20, 0x20, 0x22, 0x55, 0x70, 0x73, 0x74, 0x72, 0x65, 0x61, 0x6d, 0x73, 0x22, 0x3a, 0x20, 0x6e, 0x75, 0x6c, 0x6c, 0x2c, 0xa, 0x20, 0x20, 0x20, 0x20, 0x22, 0x4d, 0x65, 0x74, 0x61, 0x64, 0x61, 0x74, 0x61, 0x54, 0x79, 0x70, 0x65, 0x22, 0x3a, 0x20, 0x22, 0x22, 0x2c, 0xa, 0x20, 0x20, 0x20, 0x20, 0x22, 0x4d, 0x65, 0x74, 0x61, 0x64, 0x61, 0x74, 0x61, 0x22, 0x3a, 0x20, 0x6e, 0x75, 0x6c, 0x6c, 0xa, 0x20, 0x20, 0x20, 0x7d, 0x2c, 0xa, 0x20, 0x20, 0x20, 0x22, 0x61, 0x72, 0x74, 0x69, 0x66, 0x61, 0x63, 0x74, 0x22, 0x3a, 0x20, 0x7b, 0xa, 0x20, 0x20, 0x20, 0x20, 0x22, 0x6e, 0x61, 0x6d, 0x65, 0x22, 0x3a, 0x20, 0x22, 0x70, 0x61, 0x63, 0x6b, 0x61, 0x67, 0x65, 0x2d, 0x31, 0x22, 0x2c, 0xa, 0x20, 0x20, 0x20, 0x20, 0x22, 0x76, 0x65, 0x72, 0x73, 0x69, 0x6f, 0x6e, 0x22, 0x3a, 0x20, 0x22, 0x31, 0x2e, 0x31, 0x2e, 0x31, 0x22, 0x2c, 0xa, 0x20, 0x20, 0x20, 0x20, 0x22, 0x74, 0x79, 0x70, 0x65, 0x22, 0x3a, 0x20, 0x22, 0x72, 0x70, 0x6d, 0x22, 0x2c, 0xa, 0x20, 0x20, 0x20, 0x20, 0x22, 0x6c, 0x6f, 0x63, 0x61, 0x74, 0x69, 0x6f, 0x6e, 0x73, 0x22, 0x3a, 0x20, 0x5b, 0xa, 0x20, 0x20, 0x20, 0x20, 0x20, 0x7b, 0xa, 0x20, 0x20, 0x20, 0x20, 0x20, 0x20, 0x22, 0x70, 0x61, 0x74, 0x68, 0x22, 0x3a, 0x20, 0x22, 0x2f, 0x66, 0x6f, 0x6f, 0x2f, 0x62, 0x61, 0x72, 0x2f, 0x73, 0x6f, 0x6d, 0x65, 0x66, 0x69, 0x6c, 0x65, 0x2d, 0x31, 0x2e, 0x74, 0x78, 0x74, 0x22, 0xa, 0x20, 0x20, 0x20, 0x20, 0x20, 0x7d, 0xa, 0x20, 0x20, 0x20, 0x20, 0x5d, 0x2c, 0xa, 0x20, 0x20, 0x20, 0x20, 0x22, 0x6c, 0x61, 0x6e, 0x67, 0x75, 0x61, 0x67, 0x65, 0x22, 0x3a, 0x20, 0x22, 0x22, 0x2c, 0xa, 0x20, 0x20, 0x20, 0x20, 0x22, 0x6c, 0x69, 0x63, 0x65, 0x6e, 0x73, 0x65, 0x73, 0x22, 0x3a, 0x20, 0x5b, 0x5d, 0x2c, 0xa, 0x20, 0x20, 0x20, 0x20, 0x22, 0x63, 0x70, 0x65, 0x73, 0x22, 0x3a, 0x20, 0x5b, 0x5d, 0x2c, 0xa, 0x20, 0x20, 0x20, 0x20, 0x22, 0x70, 0x75, 0x72, 0x6c, 0x22, 0x3a, 0x20, 0x22, 0x22, 0x2c, 0xa, 0x20, 0x20, 0x20, 0x20, 0x22, 0x75, 0x70, 0x73, 0x74, 0x72, 0x65, 0x61, 0x6d, 0x73, 0x22, 0x3a, 0x20, 0x5b, 0xa, 0x20, 0x20, 0x20, 0x20, 0x20, 0x7b, 0xa, 0x20, 0x20, 0x20, 0x20, 0x20, 0x20, 0x22, 0x6e, 0x61, 0x6d, 0x65, 0x22, 0x3a, 0x20, 0x22, 0x6e, 0x6f, 0x74, 0x68, 0x69, 0x6e, 0x67, 0x22, 0x2c, 0xa, 0x20, 0x20, 0x20, 0x20, 0x20, 0x20, 0x22, 0x76, 0x65, 0x72, 0x73, 0x69, 0x6f, 0x6e, 0x22, 0x3a, 0x20, 0x22, 0x33, 0x2e, 0x32, 0x22, 0xa, 0x20, 0x20, 0x20, 0x20, 0x20, 0x7d, 0xa, 0x20, 0x20, 0x20, 0x20, 0x5d, 0x2c, 0xa, 0x20, 0x20, 0x20, 0x20, 0x22, 0x6d, 0x65, 0x74, 0x61, 0x64, 0x61, 0x74, 0x61, 0x54, 0x79, 0x70, 0x65, 0x22, 0x3a, 0x20, 0x22, 0x52, 0x70, 0x6d, 0x4d, 0x65, 0x74, 0x61, 0x64, 0x61, 0x74, 0x61, 0x22, 0x2c, 0xa, 0x20, 0x20, 0x20, 0x20, 0x22, 0x6d, 0x65, 0x74, 0x61, 0x64, 0x61, 0x74, 0x61, 0x22, 0x3a, 0x20, 0x7b, 0xa, 0x20, 0x20, 0x20, 0x20, 0x20, 0x22, 0x65, 0x70, 0x6f, 0x63, 0x68, 0x22, 0x3a, 0x20, 0x32, 0x2c, 0xa, 0x20, 0x20, 0x20, 0x20, 0x20, 0x22, 0x6d, 0x6f, 0x64, 0x75, 0x6c, 0x61, 0x72, 0x69, 0x74, 0x79, 0x4c, 0x61, 0x62, 0x65, 0x6c, 0x22, 0x3a, 0x20, 0x22, 0x22, 0xa, 0x20, 0x20, 0x20, 0x20, 0x7d, 0xa, 0x20, 0x20, 0x20, 0x7d, 0xa, 0x20, 0x20, 0x7d, 0x2c, 0xa, 0x20, 0x20, 0x7b, 0xa, 0x20, 0x20, 0x20, 0x22, 0x43, 0x79, 0x63, 0x6c, 0x65, 0x22, 0x3a, 0x20, 0x7b, 0xa, 0x20, 0x20, 0x20, 0x20, 0x22, 0x50, 0x72, 0x6f, 0x64, 0x75, 0x63, 0x74, 0x4e, 0x61, 0x6d, 0x65, 0x22, 0x3a, 0x20, 0x22, 0x55, 0x62, 0x75, 0x6e, 0x74, 0x75, 0x22, 0x2c, 0xa, 0x20, 0x20, 0x20, 0x20, 0x22, 0x50, 0x72, 0x6f, 0x64, 0x75, 0x63, 0x74, 0x50, 0x65, 0x72, 0x6d, 0x61, 0x6c, 0x69, 0x6e, 0x6b, 0x22, 0x3a, 0x20, 0x22, 0x22, 0x2c, 0xa, 0x20, 0x20, 0x20, 0x20, 0x22, 0x52, 0x65, 0x6c, 0x65, 0x61, 0x73, 0x65, 0x43, 0x79, 0x63, 0x6c, 0x65, 0x22, 0x3a, 0x20, 0x22, 0x31, 0x36, 0x2e, 0x30, 0x34, 0x22, 0x2c, 0xa, 0x20, 0x20, 0x20, 0x20, 0x22, 0x45, 0x6f, 0x6c, 0x22, 0x3a, 0x20, 0x22, 0x32, 0x30, 0x32, 0x31, 0x2d, 0x30, 0x34, 0x2d, 0x30, 0x32, 0x22, 0x2c, 0xa, 0x20, 0x20, 0x20, 0x20, 0x22, 0x4c, 0x61, 0x74, 0x65, 0x73, 0x74, 0x52, 0x65, 0x6c, 0x65, 0x61, 0x73, 0x65, 0x22, 0x3a, 0x20, 0x22, 0x22, 0x2c, 0xa, 0x20, 0x20, 0x20, 0x20, 0x22, 0x4c, 0x61, 0x74, 0x65, 0x73, 0x74, 0x52, 0x65, 0x6c, 0x65, 0x61, 0x73, 0x65, 0x44, 0x61, 0x74, 0x65, 0x22, 0x3a, 0x20, 0x22, 0x32, 0x30, 0x31, 0x36, 0x2d, 0x30, 0x37, 0x2d, 0x33, 0x31, 0x22, 0x2c, 0xa, 0x20, 0x20, 0x20, 0x20, 0x22, 0x52, 0x65, 0x6c, 0x65, 0x61, 0x73, 0x65, 0x44, 0x61, 0x74, 0x65, 0x22, 0x3a, 0x20, 0x22, 0x32, 0x30, 0x31, 0x36, 0x2d, 0x30, 0x37, 0x2d, 0x33, 0x31, 0x22, 0xa, 0x20, 0x20, 0x20, 0x7d, 0x2c, 0xa, 0x20, 0x20, 0x20, 0x22, 0x50, 0x61, 0x63, 0x6b, 0x61, 0x67, 0x65, 0x22, 0x3a, 0x20, 0x7b, 0xa, 0x20, 0x20, 0x20, 0x20, 0x22, 0x49, 0x44, 0x22, 0x3a, 0x20, 0x22, 0x22, 0x2c, 0xa, 0x20, 0x20, 0x20, 0x20, 0x22, 0x4e, 0x61, 0x6d, 0x65, 0x22, 0x3a, 0x20, 0x22, 0x22, 0x2c, 0xa, 0x20, 0x20, 0x20, 0x20, 0x22, 0x56, 0x65, 0x72, 0x73, 0x69, 0x6f, 0x6e, 0x22, 0x3a, 0x20, 0x22, 0x22, 0x2c, 0xa, 0x20, 0x20, 0x20, 0x20, 0x22, 0x4c, 0x6f, 0x63, 0x61, 0x74, 0x69, 0x6f, 0x6e, 0x73, 0x22, 0x3a, 0x20, 0x7b, 0x7d, 0x2c, 0xa, 0x20, 0x20, 0x20, 0x20, 0x22, 0x4c, 0x61, 0x6e, 0x67, 0x75, 0x61, 0x67, 0x65, 0x22, 0x3a, 0x20, 0x22, 0x22, 0x2c, 0xa, 0x20, 0x20, 0x20, 0x20, 0x22, 0x4c, 0x69, 0x63, 0x65, 0x6e, 0x73, 0x65, 0x73, 0x22, 0x3a, 0x20, 0x6e, 0x75, 0x6c, 0x6c, 0x2c, 0xa, 0x20, 0x20, 0x20, 0x20, 0x22, 0x54, 0x79, 0x70, 0x65, 0x22, 0x3a, 0x20, 0x22, 0x22, 0x2c, 0xa, 0x20, 0x20, 0x20, 0x20, 0x22, 0x43, 0x50, 0x45, 0x73, 0x22, 0x3a, 0x20, 0x6e, 0x75, 0x6c, 0x6c, 0x2c, 0xa, 0x20, 0x20, 0x20, 0x20, 0x22, 0x50, 0x55, 0x52, 0x4c, 0x22, 0x3a, 0x20, 0x22, 0x22, 0x2c, 0xa, 0x20, 0x20, 0x20, 0x20, 0x22, 0x55, 0x70, 0x73, 0x74, 0x72, 0x65, 0x61, 0x6d, 0x73, 0x22, 0x3a, 0x20, 0x6e, 0x75, 0x6c, 0x6c, 0x2c, 0xa, 0x20, 0x20, 0x20, 0x20, 0x22, 0x4d, 0x65, 0x74, 0x61, 0x64, 0x61, 0x74, 0x61, 0x54, 0x79, 0x70, 0x65, 0x22, 0x3a, 0x20, 0x22, 0x22, 0x2c, 0xa, 0x20, 0x20, 0x20, 0x20, 0x22, 0x4d, 0x65, 0x74, 0x61, 0x64, 0x61, 0x74, 0x61, 0x22, 0x3a, 0x20, 0x6e, 0x75, 0x6c, 0x6c, 0xa, 0x20, 0x20, 0x20, 0x7d, 0x2c, 0xa, 0x20, 0x20, 0x20, 0x22, 0x61, 0x72, 0x74, 0x69, 0x66, 0x61, 0x63, 0x74, 0x22, 0x3a, 0x20, 0x7b, 0xa, 0x20, 0x20, 0x20, 0x20, 0x22, 0x6e, 0x61, 0x6d, 0x65, 0x22, 0x3a, 0x20, 0x22, 0x75, 0x62, 0x75, 0x6e, 0x74, 0x75, 0x22, 0x2c, 0xa, 0x20, 0x20, 0x20, 0x20, 0x22, 0x76, 0x65, 0x72, 0x73, 0x69, 0x6f, 0x6e, 0x22, 0x3a, 0x20, 0x22, 0x31, 0x36, 0x2e, 0x30, 0x34, 0x22, 0x2c, 0xa, 0x20, 0x20, 0x20, 0x20, 0x22, 0x74, 0x79, 0x70, 0x65, 0x22, 0x3a, 0x20, 0x22, 0x6f, 0x73, 0x22, 0x2c, 0xa, 0x20, 0x20, 0x20, 0x20, 0x22, 0x6c, 0x6f, 0x63, 0x61, 0x74, 0x69, 0x6f, 0x6e, 0x73, 0x22, 0x3a, 0x20, 0x5b, 0x5d, 0x2c, 0xa, 0x20, 0x20, 0x20, 0x20, 0x22, 0x6c, 0x61, 0x6e, 0x67, 0x75, 0x61, 0x67, 0x65, 0x22, 0x3a, 0x20, 0x22, 0x22, 0x2c, 0xa, 0x20, 0x20, 0x20, 0x20, 0x22, 0x6c, 0x69, 0x63, 0x65, 0x6e, 0x73, 0x65, 0x73, 0x22, 0x3a, 0x20, 0x5b, 0x5d, 0x2c, 0xa, 0x20, 0x20, 0x20, 0x20, 0x22, 0x63, 0x70, 0x65, 0x73, 0x22, 0x3a, 0x20, 0x5b, 0x5d, 0x2c, 0xa, 0x20, 0x20, 0x20, 0x20, 0x22, 0x70, 0x75, 0x72, 0x6c, 0x22, 0x3a, 0x20, 0x22, 0x22, 0x2c, 0xa, 0x20, 0x20, 0x20, 0x20, 0x22, 0x75, 0x70, 0x73, 0x74, 0x72, 0x65, 0x61, 0x6d, 0x73, 0x22, 0x3a, 0x20, 0x5b, 0x5d, 0xa, 0x20, 0x20, 0x20, 0x7d, 0xa, 0x20, 0x20, 0x7d, 0xa, 0x20, 0x5d, 0x2c, 0xa, 0x20, 0x22, 0x73, 0x6f, 0x75, 0x72, 0x63, 0x65, 0x22, 0x3a, 0x20, 0x7b, 0xa, 0x20, 0x20, 0x22, 0x74, 0x79, 0x70, 0x65, 0x22, 0x3a, 0x20, 0x22, 0x64, 0x69, 0x72, 0x65, 0x63, 0x74, 0x6f, 0x72, 0x79, 0x22, 0x2c, 0xa, 0x20, 0x20, 0x22, 0x74, 0x61, 0x72, 0x67, 0x65, 0x74, 0x22, 0x3a, 0x20, 0x22, 0x2f, 0x73, 0x6f, 0x6d, 0x65, 0x2f, 0x70, 0x61, 0x74, 0x68, 0x22, 0xa, 0x20, 0x7d, 0x2c, 0xa, 0x20, 0x22, 0x64, 0x69, 0x73, 0x74, 0x72, 0x6f, 0x22, 0x3a, 0x20, 0x7b, 0xa, 0x20, 0x20, 0x22, 0x6e, 0x61, 0x6d, 0x65, 0x22, 0x3a, 0x20, 0x22, 0x63, 0x65, 0x6e, 0x74, 0x6f, 0x73, 0x22, 0x2c, 0xa, 0x20, 0x20, 0x22, 0x76, 0x65, 0x72, 0x73, 0x69, 0x6f, 0x6e, 0x22, 0x3a, 0x20, 0x22, 0x38, 0x2e, 0x30, 0x22, 0x2c, 0xa, 0x20, 0x20, 0x22, 0x69, 0x64, 0x4c, 0x69, 0x6b, 0x65, 0x22, 0x3a, 0x20, 0x5b, 0xa, 0x20, 0x20, 0x20, 0x22, 0x63, 0x65, 0x6e, 0x74, 0x6f, 0x73, 0x22, 0xa, 0x20, 0x20, 0x5d, 0xa, 0x20, 0x7d, 0x2c, 0xa, 0x20, 0x22, 0x64, 0x65, 0x73, 0x63, 0x72, 0x69, 0x70, 0x74, 0x6f, 0x72, 0x22, 0x3a, 0x20, 0x7b, 0xa, 0x20, 0x20, 0x22, 0x6e, 0x61, 0x6d, 0x65, 0x22, 0x3a, 0x20, 0x22, 0x78, 0x65, 0x6f, 0x6c, 0x22, 0x2c, 0xa, 0x20, 0x20, 0x22, 0x76, 0x65, 0x72, 0x73, 0x69, 0x6f, 0x6e, 0x22, 0x3a, 0x20, 0x22, 0x5b, 0x6e, 0x6f, 0x74, 0x20, 0x70, 0x72, 0x6f, 0x76, 0x69, 0x64, 0x65, 0x64, 0x5d, 0x22, 0xa, 0x20, 0x7d, 0xa, 0x7d, 0xa}
---

[TestEmptyJsonPresenter - 1]
[]uint8{0x7b, 0xa, 0x20, 0x22, 0x6d, 0x61, 0x74, 0x63, 0x68, 0x65, 0x73, 0x22, 0x3a, 0x20, 0x5b, 0x5d, 0x2c, 0xa, 0x20, 0x22, 0x73, 0x6f, 0x75, 0x72, 0x63, 0x65, 0x22, 0x3a, 0x20, 0x7b, 0xa, 0x20, 0x20, 0x22, 0x74, 0x79, 0x70, 0x65, 0x22, 0x3a, 0x20, 0x22, 0x75, 0x6e, 0x6b, 0x6e, 0x6f, 0x77, 0x6e, 0x22, 0x2c, 0xa, 0x20, 0x20, 0x22, 0x74, 0x61, 0x72, 0x67, 0x65, 0x74, 0x22, 0x3a, 0x20, 0x22, 0x75, 0x6e, 0x6b, 0x6e, 0x6f, 0x77, 0x6e, 0x22, 0xa, 0x20, 0x7d, 0x2c, 0xa, 0x20, 0x22, 0x64, 0x69, 0x73, 0x74, 0x72, 0x6f, 0x22, 0x3a, 0x20, 0x7b, 0xa, 0x20, 0x20, 0x22, 0x6e, 0x61, 0x6d, 0x65, 0x22, 0x3a, 0x20, 0x22, 0x63, 0x65, 0x6e, 0x74, 0x6f, 0x73, 0x22, 0x2c, 0xa, 0x20, 0x20, 0x22, 0x76, 0x65, 0x72, 0x73, 0x69, 0x6f, 0x6e, 0x22, 0x3a, 0x20, 0x22, 0x38, 0x2e, 0x30, 0x22, 0x2c, 0xa, 0x20, 0x20, 0x22, 0x69, 0x64, 0x4c, 0x69, 0x6b, 0x65, 0x22, 0x3a, 0x20, 0x5b, 0xa, 0x20, 0x20, 0x20, 0x22, 0x72, 0x68, 0x65, 0x6c, 0x22, 0xa, 0x20, 0x20, 0x5d, 0xa, 0x20, 0x7d, 0x2c, 0xa, 0x20, 0x22, 0x64, 0x65, 0x73, 0x63, 0x72, 0x69, 0x70, 0x74, 0x6f, 0x72, 0x22, 0x3a, 0x20, 0x7b, 0xa, 0x20, 0x20, 0x22, 0x6e, 0x61, 0x6d, 0x65, 0x22, 0x3a, 0x20, 0x22, 0x78, 0x65, 0x6f, 0x6c, 0x22, 0x2c, 0xa, 0x20, 0x20, 0x22, 0x76, 0x65, 0x72, 0x73, 0x69, 0x6f, 0x6e, 0x22, 0x3a, 0x20, 0x22, 0x5b, 0x6e, 0x6f, 0x74, 0x20, 0x70, 0x72, 0x6f, 0x76, 0x69, 0x64, 0x65, 0x64, 0x5d, 0x22, 0xa, 0x20, 0x7d, 0xa, 0x7d, 0xa}
---
